src/components/FacebookImageViewer.tsx(22,31): error TS2307: Cannot find module 'expo-media-library' or its corresponding type declarations.
src/components/FacebookImageViewer.tsx(23,28): error TS2307: Cannot find module 'expo-clipboard' or its corresponding type declarations.
src/components/FacebookImageViewer.tsx(79,40): error TS2339: Property 'documentDirectory' does not exist on type 'typeof import("C:/xampp/htdocs/vinalive-ai-mobile/node_modules/expo-file-system/build/index")'.
src/screens/HistoryScreen.tsx(23,44): error TS2339: Property 'examHistory' does not exist on type 'User'.
src/screens/HistoryScreen.tsx(66,50): error TS2365: Operator '>=' cannot be applied to types 'string' and 'number'.
src/screens/HistoryScreen.tsx(73,42): error TS2362: The left-hand side of an arithmetic operation must be of type 'any', 'number', 'bigint' or an enum type.
src/screens/HistoryScreen.tsx(73,73): error TS2769: No overload matches this call.
  Overload 1 of 3, '(callbackfn: (previousValue: ExamResult, currentValue: ExamResult, currentIndex: number, array: ExamResult[]) => ExamResult, initialValue: ExamResult): ExamResult', gave the following error.
    Type 'string' is not assignable to type 'ExamResult'.
  Overload 2 of 3, '(callbackfn: (previousValue: number, currentValue: ExamResult, currentIndex: number, array: ExamResult[]) => number, initialValue: number): number', gave the following error.
    Type 'string' is not assignable to type 'number'.
src/screens/HistoryScreen.tsx(104,58): error TS2339: Property 'completedAt' does not exist on type 'ExamResult'.
src/screens/HistoryScreen.tsx(109,70): error TS2345: Argument of type 'string' is not assignable to parameter of type 'number'.
  Type 'string' is not assignable to type 'number'.
src/screens/HistoryScreen.tsx(113,64): error TS2345: Argument of type 'string' is not assignable to parameter of type 'number'.
  Type 'string' is not assignable to type 'number'.
src/screens/HistoryScreen.tsx(124,72): error TS2362: The left-hand side of an arithmetic operation must be of type 'any', 'number', 'bigint' or an enum type.
src/screens/HistoryScreen.tsx(130,47): error TS2339: Property 'totalQuestions' does not exist on type 'ExamResult'.
src/screens/PostDetailScreen.tsx(174,28): error TS2769: No overload matches this call.
  Overload 1 of 2, '(props: ImageProps): Image', gave the following error.
    Type '{ uri: string | ImageObj; }' is not assignable to type 'ImageSourcePropType | undefined'.
      Types of property 'uri' are incompatible.
        Type 'string | ImageObj' is not assignable to type 'string | undefined'.
          Type 'ImageObj' is not assignable to type 'string'.
  Overload 2 of 2, '(props: ImageProps, context: any): Image', gave the following error.
    Type '{ uri: string | ImageObj; }' is not assignable to type 'ImageSourcePropType | undefined'.
      Types of property 'uri' are incompatible.
        Type 'string | ImageObj' is not assignable to type 'string | undefined'.
          Type 'ImageObj' is not assignable to type 'string'.
